// Jest Snapshot v1, https://goo.gl/fbAQLP

exports[`Checkout item should render ChekoutItem component 1`] = `ShallowWrapper {}`;
