// Jest Snapshot v1, https://goo.gl/fbAQLP

exports[`sign-in component should render sign-in component 1`] = `ShallowWrapper {}`;
