// Jest Snapshot v1, https://goo.gl/fbAQLP

exports[`CheckoutPage should render page 1`] = `ShallowWrapper {}`;
