// Jest Snapshot v1, https://goo.gl/fbAQLP

exports[`SignInAndUp page should render component 1`] = `ShallowWrapper {}`;
