// Jest Snapshot v1, https://goo.gl/fbAQLP

exports[`expect to render custom-button component 1`] = `ShallowWrapper {}`;
