// Jest Snapshot v1, https://goo.gl/fbAQLP

exports[`expect to render menu-item component 1`] = `ShallowWrapper {}`;
