// Jest Snapshot v1, https://goo.gl/fbAQLP

exports[`HomePage component should render component 1`] = `ShallowWrapper {}`;
