// Jest Snapshot v1, https://goo.gl/fbAQLP

exports[`sign-up component expect to render sign-up component 1`] = `ShallowWrapper {}`;
