// Jest Snapshot v1, https://goo.gl/fbAQLP

exports[`expect to render directory component 1`] = `ShallowWrapper {}`;
