// Jest Snapshot v1, https://goo.gl/fbAQLP

exports[`expect to render sign-in component 1`] = `ShallowWrapper {}`;
